// Jest Snapshot v1, https://goo.gl/fbAQLP

exports[`BezierChart renders a large dataset 1`] = `null`;
